Analyzing ebisnis...

   info - Don't invoke 'print' in production code - integration_test\diagnose_dana_talangan_posting_test.dart:67:5 - avoid_print
   info - Statements in an if should be enclosed in a block - lib\screens\anggaran_screen.dart:116:7 - curly_braces_in_flow_control_structures
   info - The 'children' argument should be last in widget constructor invocations - lib\screens\anggota\tab_jenis_member.dart:532:13 - sort_child_properties_last
   info - 'Table.fromTextArray' is deprecated and shouldn't be used. Use TableHelper.fromTextArray() instead - lib\screens\anggota\tab_mutasi_hutang.dart:299:11 - deprecated_member_use
   info - 'withOpacity' is deprecated and shouldn't be used. Use .withValues() to avoid precision loss - lib\screens\anggota\tab_mutasi_hutang.dart:658:22 - deprecated_member_use
   info - 'withOpacity' is deprecated and shouldn't be used. Use .withValues() to avoid precision loss - lib\screens\anggota\tab_mutasi_hutang.dart:660:41 - deprecated_member_use
   info - The private field _waktu could be 'final' - lib\screens\anggota\tab_mutasi_hutang.dart:688:12 - prefer_final_fields
   info - The 'children' argument should be last in widget constructor invocations - lib\screens\anggota\tab_mutasi_hutang.dart:764:13 - sort_child_properties_last
   info - 'Table.fromTextArray' is deprecated and shouldn't be used. Use TableHelper.fromTextArray() instead - lib\screens\anggota\tab_mutasi_tabungan.dart:239:11 - deprecated_member_use
   info - 'withOpacity' is deprecated and shouldn't be used. Use .withValues() to avoid precision loss - lib\screens\anggota\tab_mutasi_tabungan.dart:569:22 - deprecated_member_use
   info - 'withOpacity' is deprecated and shouldn't be used. Use .withValues() to avoid precision loss - lib\screens\anggota\tab_mutasi_tabungan.dart:571:41 - deprecated_member_use
   info - Constructors for public widgets should have a named 'key' parameter - lib\screens\anggota\tab_mutasi_tabungan.dart:589:9 - use_key_in_widget_constructors
   info - Don't use 'BuildContext's across async gaps - lib\screens\anggota\tab_satuan_kerja.dart:163:9 - use_build_context_synchronously
   info - The 'children' argument should be last in widget constructor invocations - lib\screens\cara_bayar_screen.dart:566:13 - sort_child_properties_last
   info - Unnecessary use of string interpolation - lib\screens\diskon\tab_pencairan_diskon.dart:405:15 - unnecessary_string_interpolations
   info - The 'children' argument should be last in widget constructor invocations - lib\screens\diskon\tab_pencairan_diskon.dart:616:13 - sort_child_properties_last
   info - The 'children' argument should be last in widget constructor invocations - lib\screens\inventory_sales\harga_screen.dart:732:13 - sort_child_properties_last
   info - Statements in an if should be enclosed in a block - lib\screens\inventory_sales\hutang_supplier_screen.dart:517:7 - curly_braces_in_flow_control_structures
   info - The 'children' argument should be last in widget constructor invocations - lib\screens\inventory_sales\hutang_supplier_screen.dart:851:11 - sort_child_properties_last
   info - Statements in an if should be enclosed in a block - lib\screens\inventory_sales\hutang_supplier_screen.dart:1126:7 - curly_braces_in_flow_control_structures
   info - Statements in an if should be enclosed in a block - lib\screens\inventory_sales\hutang_supplier_screen.dart:1333:7 - curly_braces_in_flow_control_structures
   info - The 'children' argument should be last in widget constructor invocations - lib\screens\inventory_sales\hutang_supplier_screen.dart:1487:11 - sort_child_properties_last
   info - Statements in an if should be enclosed in a block - lib\screens\inventory_sales\hutang_supplier_screen.dart:1601:7 - curly_braces_in_flow_control_structures
   info - The 'children' argument should be last in widget constructor invocations - lib\screens\inventory_sales\master_customer_screen.dart:747:15 - sort_child_properties_last
   info - The 'children' argument should be last in widget constructor invocations - lib\screens\inventory_sales\master_sales_screen.dart:568:15 - sort_child_properties_last
   info - The 'children' argument should be last in widget constructor invocations - lib\screens\inventory_sales\master_supplier_screen.dart:732:15 - sort_child_properties_last
   info - Statements in an if should be enclosed in a block - lib\screens\inventory_sales\piutang_screen.dart:169:7 - curly_braces_in_flow_control_structures
   info - Statements in an if should be enclosed in a block - lib\screens\inventory_sales\piutang_screen.dart:810:7 - curly_braces_in_flow_control_structures
   info - Statements in an if should be enclosed in a block - lib\screens\inventory_sales\piutang_screen.dart:996:7 - curly_braces_in_flow_control_structures
   info - Statements in an if should be enclosed in a block - lib\screens\inventory_sales\piutang_screen.dart:1121:7 - curly_braces_in_flow_control_structures
   info - Statements in an if should be enclosed in a block - lib\screens\inventory_sales\piutang_screen.dart:1298:7 - curly_braces_in_flow_control_structures
   info - The 'children' argument should be last in widget constructor invocations - lib\screens\jenis_produk_screen.dart:479:13 - sort_child_properties_last
   info - Statements in an if should be enclosed in a block - lib\screens\kode_akun_screen.dart:676:7 - curly_braces_in_flow_control_structures
   info - Statements in an if should be enclosed in a block - lib\screens\laporan_tutup_kas_dialog.dart:121:9 - curly_braces_in_flow_control_structures
   info - Statements in an if should be enclosed in a block - lib\screens\log_error_screen.dart:196:7 - curly_braces_in_flow_control_structures
   info - Statements in an if should be enclosed in a block - lib\screens\log_error_screen.dart:242:19 - curly_braces_in_flow_control_structures
   info - Statements in an if should be enclosed in a block - lib\screens\mutasi_antar_outlet_screen.dart:162:7 - curly_braces_in_flow_control_structures
   info - Statements in an if should be enclosed in a block - lib\screens\nomor_surat_keuangan_screen.dart:513:7 - curly_braces_in_flow_control_structures
   info - Statements in an if should be enclosed in a block - lib\screens\ringkasan\tab_kepatuhan.dart:107:7 - curly_braces_in_flow_control_structures
   info - Statements in an if should be enclosed in a block - lib\screens\ringkasan\tab_keuangan.dart:86:36 - curly_braces_in_flow_control_structures
   info - Statements in an if should be enclosed in a block - lib\screens\ringkasan\tab_pelanggan.dart:94:7 - curly_braces_in_flow_control_structures
   info - Statements in an if should be enclosed in a block - lib\screens\ringkasan\tab_peringkat.dart:73:7 - curly_braces_in_flow_control_structures
   info - Statements in an if should be enclosed in a block - lib\screens\ringkasan\tab_produk.dart:110:7 - curly_braces_in_flow_control_structures
   info - Statements in an if should be enclosed in a block - lib\screens\ringkasan\tab_promo.dart:57:7 - curly_braces_in_flow_control_structures
   info - Statements in an if should be enclosed in a block - lib\screens\ringkasan\tab_ramalan.dart:59:7 - curly_braces_in_flow_control_structures
   info - Statements in an if should be enclosed in a block - lib\screens\ringkasan\tab_resep.dart:63:7 - curly_braces_in_flow_control_structures
   info - Statements in an if should be enclosed in a block - lib\screens\siklus_akuntansi_screen.dart:448:9 - curly_braces_in_flow_control_structures
   info - Statements in an if should be enclosed in a block - lib\screens\siklus_akuntansi_screen.dart:450:9 - curly_braces_in_flow_control_structures
   info - Statements in an if should be enclosed in a block - lib\screens\siklus_akuntansi_screen.dart:529:9 - curly_braces_in_flow_control_structures
   info - Statements in an if should be enclosed in a block - lib\screens\siklus_akuntansi_screen.dart:531:9 - curly_braces_in_flow_control_structures
   info - The 'children' argument should be last in widget constructor invocations - lib\screens\supplier_screen.dart:456:13 - sort_child_properties_last

51 issues found. (ran in 25.6s)
